ブラックロック: 139358件の変化を data/observed_changes/blackrock.json に保存
バンガード: 209964件の変化を data/observed_changes/vanguard.json に保存
JPモルガン: 7964件の変化を data/observed_changes/jpmorgan.json に保存
ステートストリート: 4326件の変化を data/observed_changes/statestreet.json に保存
ゴールドマン・サックス: 6155件の変化を data/observed_changes/goldmansachs.json に保存
フィデリティ: 5781件の変化を data/observed_changes/fidelity.json に保存
キャピタル・グループ: 494件の変化を data/observed_changes/capitalgroup.json に保存
ジオード・キャピタル・マネジメント: 0件の変化を data/observed_changes/geode.json に保存
ノルウェー政府年金基金: 0件の変化を data/observed_changes/norgesbank.json に保存
バークシャー・ハサウェイ: 2471件の変化を data/observed_changes/berkshire.json に保存
バウポスト・グループ: 0件の変化を data/observed_changes/baupost.json に保存
サウスイースタン・アセット・マネジメント: 0件の変化を data/observed_changes/southeastern.json に保存
ハリス・アソシエイツ: 0件の変化を data/observed_changes/harris.json に保存
ファースト・イーグル・インベストメント・マネジメント: 0件の変化を data/observed_changes/firsteagle.json に保存
ソロス・ファンド・マネジメント: 14861件の変化を data/observed_changes/soros.json に保存
ブリッジウォーター・アソシエイツ: 0件の変化を data/observed_changes/bridgewater.json に保存
デュケイン・ファミリー・オフィス: 0件の変化を data/observed_changes/duquesne.json に保存
チューダー・インベストメント: 0件の変化を data/observed_changes/tudor.json に保存
ルネサンス・テクノロジーズ: 0件の変化を data/observed_changes/renaissance.json に保存
シタデル・アドバイザーズ: 0件の変化を data/observed_changes/citadel.json に保存
ミレニアム・マネジメント: 0件の変化を data/observed_changes/millennium.json に保存
トゥー・シグマ・インベストメンツ: 0件の変化を data/observed_changes/twosigma.json に保存
AQRキャピタル・マネジメント: 0件の変化を data/observed_changes/aqr.json に保存
パーシング・スクエア・キャピタル・マネジメント: 0件の変化を data/observed_changes/pershingsquare.json に保存
カール・アイカーン: 0件の変化を data/observed_changes/icahn.json に保存
バリューアクト・ホールディングス: 0件の変化を data/observed_changes/valueact.json に保存
トライアン・ファンド・マネジメント: 0件の変化を data/observed_changes/trian.json に保存
エリオット・インベストメント・マネジメント: 0件の変化を data/observed_changes/elliott.json に保存
サード・ポイント: 0件の変化を data/observed_changes/thirdpoint.json に保存
スターボード・バリュー: 0件の変化を data/observed_changes/starboard.json に保存
サイオン・アセット・マネジメント: 0件の変化を data/observed_changes/burry.json に保存
アーク・インベストメント・マネジメント: 0件の変化を data/observed_changes/ark.json に保存
ホエール・ロック・キャピタル・マネジメント: 0件の変化を data/observed_changes/whalerock.json に保存
アルティメーター・キャピタル・マネジメント: 0件の変化を data/observed_changes/altimeter.json に保存
タイガー・グローバル・マネジメント: 0件の変化を data/observed_changes/tigerglobal.json に保存
コーチュー・マネジメント: 0件の変化を data/observed_changes/coatue.json に保存
ソフトバンクグループ: 0件の変化を data/observed_changes/softbank.json に保存
カスケード・インベストメント: 0件の変化を data/observed_changes/cascade.json に保存
テマセク・ホールディングス: 0件の変化を data/observed_changes/temasek.json に保存
野村ホールディングス: 0件の変化を data/observed_changes/nomura.json に保存
カルパース（カリフォルニア州職員退職年金基金）: 0件の変化を data/observed_changes/calpers.json に保存
ハーバード・マネジメント・カンパニー: 0件の変化を data/observed_changes/harvard.json に保存
マーケル・グループ: 0件の変化を data/observed_changes/markel.json に保存
ローズ・コーポレーション: 0件の変化を data/observed_changes/loews.json に保存
オークツリー・キャピタル・マネジメント: 0件の変化を data/observed_changes/oaktree.json に保存
