=== THE45 PROJECT: funds.json 連携 13F-HR取得 ===
対象: 45主体

--- ブラックロック (id=blackrock, CIK=1364742) ---
  2024-08-13 は取得済みです。スキップします。

--- バンガード (id=vanguard, CIK=102909) ---
  2026-01-29 は取得済みです。スキップします。

--- JPモルガン (id=jpmorgan, CIK=19617) ---
  2026-08-12: 7720銘柄を保存しました。

--- ステートストリート (id=statestreet, CIK=93751) ---
  2026-08-07: 4177銘柄を保存しました。

--- ゴールドマン・サックス (id=goldmansachs, CIK=886982) ---
  2026-08-14: 5626銘柄を保存しました。

--- フィデリティ (id=fidelity, CIK=315066) ---
  2026-08-13: 5571銘柄を保存しました。

--- キャピタル・グループ (id=capitalgroup, CIK=1422848) ---
  2026-08-12: 426銘柄を保存しました。

--- ジオード・キャピタル・マネジメント (id=geode, CIK=1214717) ---
  2026-08-12: 4447銘柄を保存しました。

--- ノルウェー政府年金基金 (id=norgesbank, CIK=1374170) ---
  保有データが空でした。

--- バークシャー・ハサウェイ (id=berkshire, CIK=1067983) ---
  2026-08-14: 29銘柄を保存しました。

--- バウポスト・グループ (id=baupost, CIK=1061768) ---
  2026-08-13: 23銘柄を保存しました。

--- サウスイースタン・アセット・マネジメント (id=southeastern, CIK=807985) ---
  2026-08-14: 47銘柄を保存しました。

--- ハリス・アソシエイツ (id=harris, CIK=813917) ---
  2026-08-14: 161銘柄を保存しました。

--- ファースト・イーグル・インベストメント・マネジメント (id=firsteagle, CIK=1325447) ---
  2026-08-05: 424銘柄を保存しました。

--- ソロス・ファンド・マネジメント (id=soros, CIK=1029160) ---
  2026-08-14: 258銘柄を保存しました。

--- ブリッジウォーター・アソシエイツ (id=bridgewater, CIK=1350694) ---
  2026-08-14: 997銘柄を保存しました。

--- デュケイン・ファミリー・オフィス (id=duquesne, CIK=1536411) ---
  2026-08-14: 90銘柄を保存しました。

--- チューダー・インベストメント (id=tudor, CIK=923093) ---
  2026-08-14: 2192銘柄を保存しました。

--- ルネサンス・テクノロジーズ (id=renaissance, CIK=1037389) ---
  保有データが空でした。

--- シタデル・アドバイザーズ (id=citadel, CIK=1423053) ---
  2026-08-14: 7166銘柄を保存しました。

--- ミレニアム・マネジメント (id=millennium, CIK=1273087) ---
  2026-08-14: 4182銘柄を保存しました。

--- トゥー・シグマ・インベストメンツ (id=twosigma, CIK=1179392) ---
  2026-08-14: 3963銘柄を保存しました。

--- AQRキャピタル・マネジメント (id=aqr, CIK=1167557) ---
  2026-08-14: 3900銘柄を保存しました。

--- パーシング・スクエア・キャピタル・マネジメント (id=pershingsquare, CIK=1336528) ---
  2026-05-15: 11銘柄を保存しました。

--- カール・アイカーン (id=icahn, CIK=921669) ---
  2026-08-14: 12銘柄を保存しました。

--- バリューアクト・ホールディングス (id=valueact, CIK=1418814) ---
  保有データが空でした。

--- トライアン・ファンド・マネジメント (id=trian, CIK=1345471) ---
  保有データが空でした。

--- エリオット・インベストメント・マネジメント (id=elliott, CIK=1791786) ---
  2026-08-14: 28銘柄を保存しました。

--- サード・ポイント (id=thirdpoint, CIK=1040273) ---
  2026-08-14: 43銘柄を保存しました。

--- スターボード・バリュー (id=starboard, CIK=1517137) ---
  2026-08-14: 21銘柄を保存しました。

--- サイオン・アセット・マネジメント (id=burry, CIK=1649339) ---
  2025-11-03 は取得済みです。スキップします。

--- アーク・インベストメント・マネジメント (id=ark, CIK=1697748) ---
  2026-08-14: 190銘柄を保存しました。

--- ホエール・ロック・キャピタル・マネジメント (id=whalerock, CIK=1387322) ---
  2026-08-14: 35銘柄を保存しました。

--- アルティメーター・キャピタル・マネジメント (id=altimeter, CIK=1541617) ---
  2026-08-14: 20銘柄を保存しました。

--- タイガー・グローバル・マネジメント (id=tigerglobal, CIK=1167483) ---
  2026-08-14: 46銘柄を保存しました。

--- コーチュー・マネジメント (id=coatue, CIK=1135730) ---
  2026-08-14: 66銘柄を保存しました。

--- ソフトバンクグループ (id=softbank, CIK=1065521) ---
  2026-08-14: 30銘柄を保存しました。

--- カスケード・インベストメント (id=cascade, CIK=1052192) ---
  ❌ エラー: No XML found in https://www.sec.gov/Archives/edgar/data/1052192/000104746909005752/

--- テマセク・ホールディングス (id=temasek, CIK=1021944) ---
  2026-08-07: 177銘柄を保存しました。

--- 野村ホールディングス (id=nomura, CIK=1163653) ---
  2026-08-14: 1216銘柄を保存しました。

--- カルパース（カリフォルニア州職員退職年金基金） (id=calpers, CIK=919079) ---
  2026-08-14: 1061銘柄を保存しました。

--- ハーバード・マネジメント・カンパニー (id=harvard, CIK=1082621) ---
  2026-08-14: 19銘柄を保存しました。

--- マーケル・グループ (id=markel, CIK=1096343) ---
  2026-07-31: 130銘柄を保存しました。

--- ローズ・コーポレーション (id=loews, CIK=60086) ---
  2026-08-14: 28銘柄を保存しました。

--- オークツリー・キャピタル・マネジメント (id=oaktree, CIK=949509) ---
  2026-08-14: 143銘柄を保存しました。

=== 完了 ===
成功: 37件 / スキップ: 3件 / 提出なし: 0件 / 失敗: 5件
失敗した主体は funds.json の last_fetch_status に記録されています。次回実行時に自動的に再取得が試みられます（GitHub Actionsの月次実行、または手動再実行）。
